             switch   closeup  [ ⌂ Shell ]  [ ♛ Director ]

󰤇 alpha                             │ alpha
| now            ↑2 ↓0 + 15 -  3    │
|  —                               │  n: add memo
  beta                              │
  now            ↑0 ↓1 +  4 - 40    │        (\(\
   —                               │        (='-')
  + new session                     │       o(_(")(")
  (\(\                              │
  (o.o)?                            │a: agent / t: terminal…
 o(_(")(")                          │

[switch] ←→ project / ↑↓ select / E… [Switch] preview pane
