 USAGI > atlas                  switch   closeup

  main  workspace main              │ builder  Te…
  ──────────────────────────────────│         ▔▔▔…
| builder  ·                        │
| now                               │$ cargo test
  + new session                     │running 3 te…
  (\(\                              │test result:…
  (o.o)?                            │
 o(_(")(")                          │

[closeup] Ctrl-O: x/Ctrl-X close / … streaming li…
