   switch   closeup  [ ⌂ Shell ]  [ ♛ Director ]

| builder                           │ builder  Te…
| now                               │         ▔▔▔…
|  —                               │
  + new session                     │$ cargo test
                                    │running 3 te…
  (\(\                              │test result:…
  (o.o)?                            │
 o(_(")(")                          │

[closeup] a agent / t terminal / En… streaming li…
