 USAGI › 東京 · 1 sessions · Closeup    
────────────────────────────────────────
Sessions                    │ 開発  act…
   root  workspace root     │           
>* 開発  fixture            │  cwd: /wo…
   + new session  action    │           
                            │  agent: a…
[switch] ↑↓ cursor · Enter …│[Closeup] …
