 USAGI > atlas                            switch   closeup

> main  workspace main              │ main
  ──────────────────────────────────│
  alpha  ·                          │
  now              ↑2 ↓0 + 15 -  3  │        (\(\
  beta  ·                           │        (='-')
  now              ↑0 ↓1 +  4 - 40  │       o(_(")(")
  + new session                     │
  (\(\                              │No tabs stirring yet. …
  (o.o)?                            │
 o(_(")(")                          │

[switch] ↑↓ select / Enter closeup   [Switch] active pane
