                          switch   closeup  [ ♛ Director ]

󰤇 alpha  ·                          │ alpha
| now            ↑2 ↓0 + 15 -  3    │
|  —                               │
  beta  ·                           │        (\(\
  now            ↑0 ↓1 +  4 - 40    │        (='-')
   —                               │       o(_(")(")
  + new session                     │
  (\(\                              │No tabs stirring yet. …
  (o.o)?                            │
 o(_(")(")                          │

[switch] ←→ project / ↑↓ select / E… [Switch] preview pane
