 USAGI > atlas  switch   closeup  [ ♛ Director ]

| builder  ·                        │ builder  Te…
| now                               │         ▔▔▔…
|  —                               │
  + new session                     │$ cargo test
                                    │running 3 te…
  (\(\                              │test result:…
  (o.o)?                            │
 o(_(")(")                          │

[closeup] Ctrl-O: x/Ctrl-X close / … streaming li…
